Traceback (most recent call last):
  File "/usr/local/bin/gunicorn", line 8, in <module>
    sys.exit(run())
             ^^^^^
  File "/usr/local/lib/python3.11/site-packages/gunicorn/app/wsgiapp.py", line 67, in run
    WSGIApplication("%(prog)s [OPTIONS] [APP_MODULE]", prog=prog).run()
  File "/usr/local/lib/python3.11/site-packages/gunicorn/app/base.py", line 236, in run
    super().run()
  File "/usr/local/lib/python3.11/site-packages/gunicorn/app/base.py", line 72, in run
    Arbiter(self).run()
    ^^^^^^^^^^^^^
  File "/usr/local/lib/python3.11/site-packages/gunicorn/arbiter.py", line 58, in __init__
    self.setup(app)
  File "/usr/local/lib/python3.11/site-packages/gunicorn/arbiter.py", line 118, in setup
    self.app.wsgi()
  File "/usr/local/lib/python3.11/site-packages/gunicorn/app/base.py", line 67, in wsgi
    self.callable = self.load()
                    ^^^^^^^^^^^
  File "/usr/local/lib/python3.11/site-packages/gunicorn/app/wsgiapp.py", line 58, in load
    return self.load_wsgiapp()
           ^^^^^^^^^^^^^^^^^^^
  File "/usr/local/lib/python3.11/site-packages/gunicorn/app/wsgiapp.py", line 48, in load_wsgiapp
    return util.import_app(self.app_uri)
           ^^^^^^^^^^^^^^^^^^^^^^^^^^^^^
  File "/usr/local/lib/python3.11/site-packages/gunicorn/util.py", line 371, in import_app
    mod = importlib.import_module(module)
          ^^^^^^^^^^^^^^^^^^^^^^^^^^^^^^^
  File "/usr/local/lib/python3.11/importlib/__init__.py", line 126, in import_module
    return _bootstrap._gcd_import(name[level:], package, level)
           ^^^^^^^^^^^^^^^^^^^^^^^^^^^^^^^^^^^^^^^^^^^^^^^^^^^^
  File "<frozen importlib._bootstrap>", line 1204, in _gcd_import
  File "<frozen importlib._bootstrap>", line 1176, in _find_and_load
  File "<frozen importlib._bootstrap>", line 1140, in _find_and_load_unlocked
ModuleNotFoundError: No module named 'main'
Traceback (most recent call last):
  File "/usr/local/bin/gunicorn", line 8, in <module>
    sys.exit(run())
             ^^^^^
  File "/usr/local/lib/python3.11/site-packages/gunicorn/app/wsgiapp.py", line 67, in run
    WSGIApplication("%(prog)s [OPTIONS] [APP_MODULE]", prog=prog).run()
  File "/usr/local/lib/python3.11/site-packages/gunicorn/app/base.py", line 236, in run
    super().run()
  File "/usr/local/lib/python3.11/site-packages/gunicorn/app/base.py", line 72, in run
    Arbiter(self).run()
    ^^^^^^^^^^^^^
  File "/usr/local/lib/python3.11/site-packages/gunicorn/arbiter.py", line 58, in __init__
    self.setup(app)
  File "/usr/local/lib/python3.11/site-packages/gunicorn/arbiter.py", line 118, in setup
    self.app.wsgi()
  File "/usr/local/lib/python3.11/site-packages/gunicorn/app/base.py", line 67, in wsgi
    self.callable = self.load()
                    ^^^^^^^^^^^
  File "/usr/local/lib/python3.11/site-packages/gunicorn/app/wsgiapp.py", line 58, in load
    return self.load_wsgiapp()
           ^^^^^^^^^^^^^^^^^^^
  File "/usr/local/lib/python3.11/site-packages/gunicorn/app/wsgiapp.py", line 48, in load_wsgiapp
    return util.import_app(self.app_uri)
           ^^^^^^^^^^^^^^^^^^^^^^^^^^^^^
  File "/usr/local/lib/python3.11/site-packages/gunicorn/util.py", line 371, in import_app
    mod = importlib.import_module(module)
          ^^^^^^^^^^^^^^^^^^^^^^^^^^^^^^^
  File "/usr/local/lib/python3.11/importlib/__init__.py", line 126, in import_module
    return _bootstrap._gcd_import(name[level:], package, level)
           ^^^^^^^^^^^^^^^^^^^^^^^^^^^^^^^^^^^^^^^^^^^^^^^^^^^^
  File "<frozen importlib._bootstrap>", line 1204, in _gcd_import
  File "<frozen importlib._bootstrap>", line 1176, in _find_and_load
  File "<frozen importlib._bootstrap>", line 1140, in _find_and_load_unlocked
ModuleNotFoundError: No module named 'main'
Traceback (most recent call last):
  File "/usr/local/bin/gunicorn", line 8, in <module>
    sys.exit(run())
             ^^^^^
  File "/usr/local/lib/python3.11/site-packages/gunicorn/app/wsgiapp.py", line 67, in run
    WSGIApplication("%(prog)s [OPTIONS] [APP_MODULE]", prog=prog).run()
  File "/usr/local/lib/python3.11/site-packages/gunicorn/app/base.py", line 236, in run
    super().run()
  File "/usr/local/lib/python3.11/site-packages/gunicorn/app/base.py", line 72, in run
    Arbiter(self).run()
    ^^^^^^^^^^^^^
  File "/usr/local/lib/python3.11/site-packages/gunicorn/arbiter.py", line 58, in __init__
    self.setup(app)
  File "/usr/local/lib/python3.11/site-packages/gunicorn/arbiter.py", line 118, in setup
    self.app.wsgi()
  File "/usr/local/lib/python3.11/site-packages/gunicorn/app/base.py", line 67, in wsgi
    self.callable = self.load()
                    ^^^^^^^^^^^
  File "/usr/local/lib/python3.11/site-packages/gunicorn/app/wsgiapp.py", line 58, in load
    return self.load_wsgiapp()
           ^^^^^^^^^^^^^^^^^^^
  File "/usr/local/lib/python3.11/site-packages/gunicorn/app/wsgiapp.py", line 48, in load_wsgiapp
    return util.import_app(self.app_uri)
           ^^^^^^^^^^^^^^^^^^^^^^^^^^^^^
  File "/usr/local/lib/python3.11/site-packages/gunicorn/util.py", line 371, in import_app
    mod = importlib.import_module(module)
          ^^^^^^^^^^^^^^^^^^^^^^^^^^^^^^^
  File "/usr/local/lib/python3.11/importlib/__init__.py", line 126, in import_module
    return _bootstrap._gcd_import(name[level:], package, level)
           ^^^^^^^^^^^^^^^^^^^^^^^^^^^^^^^^^^^^^^^^^^^^^^^^^^^^
  File "<frozen importlib._bootstrap>", line 1204, in _gcd_import
  File "<frozen importlib._bootstrap>", line 1176, in _find_and_load
  File "<frozen importlib._bootstrap>", line 1140, in _find_and_load_unlocked
ModuleNotFoundError: No module named 'main'
Traceback (most recent call last):
  File "/usr/local/bin/gunicorn", line 8, in <module>
    sys.exit(run())
             ^^^^^
  File "/usr/local/lib/python3.11/site-packages/gunicorn/app/wsgiapp.py", line 67, in run
    WSGIApplication("%(prog)s [OPTIONS] [APP_MODULE]", prog=prog).run()
  File "/usr/local/lib/python3.11/site-packages/gunicorn/app/base.py", line 236, in run
    super().run()
  File "/usr/local/lib/python3.11/site-packages/gunicorn/app/base.py", line 72, in run
    Arbiter(self).run()
    ^^^^^^^^^^^^^
  File "/usr/local/lib/python3.11/site-packages/gunicorn/arbiter.py", line 58, in __init__
    self.setup(app)
  File "/usr/local/lib/python3.11/site-packages/gunicorn/arbiter.py", line 118, in setup
    self.app.wsgi()
  File "/usr/local/lib/python3.11/site-packages/gunicorn/app/base.py", line 67, in wsgi
    self.callable = self.load()
                    ^^^^^^^^^^^
  File "/usr/local/lib/python3.11/site-packages/gunicorn/app/wsgiapp.py", line 58, in load
    return self.load_wsgiapp()
           ^^^^^^^^^^^^^^^^^^^
  File "/usr/local/lib/python3.11/site-packages/gunicorn/app/wsgiapp.py", line 48, in load_wsgiapp
    return util.import_app(self.app_uri)
           ^^^^^^^^^^^^^^^^^^^^^^^^^^^^^
  File "/usr/local/lib/python3.11/site-packages/gunicorn/util.py", line 371, in import_app
    mod = importlib.import_module(module)
          ^^^^^^^^^^^^^^^^^^^^^^^^^^^^^^^
  File "/usr/local/lib/python3.11/importlib/__init__.py", line 126, in import_module
    return _bootstrap._gcd_import(name[level:], package, level)
           ^^^^^^^^^^^^^^^^^^^^^^^^^^^^^^^^^^^^^^^^^^^^^^^^^^^^
  File "<frozen importlib._bootstrap>", line 1204, in _gcd_import
  File "<frozen importlib._bootstrap>", line 1176, in _find_and_load
  File "<frozen importlib._bootstrap>", line 1140, in _find_and_load_unlocked
ModuleNotFoundError: No module named 'main'
Traceback (most recent call last):
  File "/usr/local/bin/gunicorn", line 8, in <module>
    sys.exit(run())
             ^^^^^
  File "/usr/local/lib/python3.11/site-packages/gunicorn/app/wsgiapp.py", line 67, in run
    WSGIApplication("%(prog)s [OPTIONS] [APP_MODULE]", prog=prog).run()
  File "/usr/local/lib/python3.11/site-packages/gunicorn/app/base.py", line 236, in run
    super().run()
  File "/usr/local/lib/python3.11/site-packages/gunicorn/app/base.py", line 72, in run
    Arbiter(self).run()
    ^^^^^^^^^^^^^
  File "/usr/local/lib/python3.11/site-packages/gunicorn/arbiter.py", line 58, in __init__
    self.setup(app)
  File "/usr/local/lib/python3.11/site-packages/gunicorn/arbiter.py", line 118, in setup
    self.app.wsgi()
  File "/usr/local/lib/python3.11/site-packages/gunicorn/app/base.py", line 67, in wsgi
    self.callable = self.load()
                    ^^^^^^^^^^^
  File "/usr/local/lib/python3.11/site-packages/gunicorn/app/wsgiapp.py", line 58, in load
    return self.load_wsgiapp()
           ^^^^^^^^^^^^^^^^^^^
  File "/usr/local/lib/python3.11/site-packages/gunicorn/app/wsgiapp.py", line 48, in load_wsgiapp
    return util.import_app(self.app_uri)
           ^^^^^^^^^^^^^^^^^^^^^^^^^^^^^
  File "/usr/local/lib/python3.11/site-packages/gunicorn/util.py", line 371, in import_app
    mod = importlib.import_module(module)
          ^^^^^^^^^^^^^^^^^^^^^^^^^^^^^^^
  File "/usr/local/lib/python3.11/importlib/__init__.py", line 126, in import_module
    return _bootstrap._gcd_import(name[level:], package, level)
           ^^^^^^^^^^^^^^^^^^^^^^^^^^^^^^^^^^^^^^^^^^^^^^^^^^^^
  File "<frozen importlib._bootstrap>", line 1204, in _gcd_import
  File "<frozen importlib._bootstrap>", line 1176, in _find_and_load
  File "<frozen importlib._bootstrap>", line 1140, in _find_and_load_unlocked
ModuleNotFoundError: No module named 'main'
Traceback (most recent call last):
  File "/usr/local/bin/gunicorn", line 8, in <module>
    sys.exit(run())
             ^^^^^
  File "/usr/local/lib/python3.11/site-packages/gunicorn/app/wsgiapp.py", line 67, in run
    WSGIApplication("%(prog)s [OPTIONS] [APP_MODULE]", prog=prog).run()
  File "/usr/local/lib/python3.11/site-packages/gunicorn/app/base.py", line 236, in run
    super().run()
  File "/usr/local/lib/python3.11/site-packages/gunicorn/app/base.py", line 72, in run
    Arbiter(self).run()
    ^^^^^^^^^^^^^
  File "/usr/local/lib/python3.11/site-packages/gunicorn/arbiter.py", line 58, in __init__
    self.setup(app)
  File "/usr/local/lib/python3.11/site-packages/gunicorn/arbiter.py", line 118, in setup
    self.app.wsgi()
  File "/usr/local/lib/python3.11/site-packages/gunicorn/app/base.py", line 67, in wsgi
    self.callable = self.load()
                    ^^^^^^^^^^^
  File "/usr/local/lib/python3.11/site-packages/gunicorn/app/wsgiapp.py", line 58, in load
    return self.load_wsgiapp()
           ^^^^^^^^^^^^^^^^^^^
  File "/usr/local/lib/python3.11/site-packages/gunicorn/app/wsgiapp.py", line 48, in load_wsgiapp
    return util.import_app(self.app_uri)
           ^^^^^^^^^^^^^^^^^^^^^^^^^^^^^
  File "/usr/local/lib/python3.11/site-packages/gunicorn/util.py", line 371, in import_app
    mod = importlib.import_module(module)
          ^^^^^^^^^^^^^^^^^^^^^^^^^^^^^^^
  File "/usr/local/lib/python3.11/importlib/__init__.py", line 126, in import_module
    return _bootstrap._gcd_import(name[level:], package, level)
           ^^^^^^^^^^^^^^^^^^^^^^^^^^^^^^^^^^^^^^^^^^^^^^^^^^^^
  File "<frozen importlib._bootstrap>", line 1204, in _gcd_import
  File "<frozen importlib._bootstrap>", line 1176, in _find_and_load
  File "<frozen importlib._bootstrap>", line 1140, in _find_and_load_unlocked
ModuleNotFoundError: No module named 'main'
Traceback (most recent call last):
  File "/usr/local/bin/gunicorn", line 8, in <module>
    sys.exit(run())
             ^^^^^
  File "/usr/local/lib/python3.11/site-packages/gunicorn/app/wsgiapp.py", line 67, in run
    WSGIApplication("%(prog)s [OPTIONS] [APP_MODULE]", prog=prog).run()
  File "/usr/local/lib/python3.11/site-packages/gunicorn/app/base.py", line 236, in run
    super().run()
  File "/usr/local/lib/python3.11/site-packages/gunicorn/app/base.py", line 72, in run
    Arbiter(self).run()
    ^^^^^^^^^^^^^
  File "/usr/local/lib/python3.11/site-packages/gunicorn/arbiter.py", line 58, in __init__
    self.setup(app)
  File "/usr/local/lib/python3.11/site-packages/gunicorn/arbiter.py", line 118, in setup
    self.app.wsgi()
  File "/usr/local/lib/python3.11/site-packages/gunicorn/app/base.py", line 67, in wsgi
    self.callable = self.load()
                    ^^^^^^^^^^^
  File "/usr/local/lib/python3.11/site-packages/gunicorn/app/wsgiapp.py", line 58, in load
    return self.load_wsgiapp()
           ^^^^^^^^^^^^^^^^^^^
  File "/usr/local/lib/python3.11/site-packages/gunicorn/app/wsgiapp.py", line 48, in load_wsgiapp
    return util.import_app(self.app_uri)
           ^^^^^^^^^^^^^^^^^^^^^^^^^^^^^
  File "/usr/local/lib/python3.11/site-packages/gunicorn/util.py", line 371, in import_app
    mod = importlib.import_module(module)
          ^^^^^^^^^^^^^^^^^^^^^^^^^^^^^^^
  File "/usr/local/lib/python3.11/importlib/__init__.py", line 126, in import_module
    return _bootstrap._gcd_import(name[level:], package, level)
           ^^^^^^^^^^^^^^^^^^^^^^^^^^^^^^^^^^^^^^^^^^^^^^^^^^^^
  File "<frozen importlib._bootstrap>", line 1204, in _gcd_import
  File "<frozen importlib._bootstrap>", line 1176, in _find_and_load
  File "<frozen importlib._bootstrap>", line 1140, in _find_and_load_unlocked
ModuleNotFoundError: No module named 'main'
Traceback (most recent call last):
  File "/usr/local/bin/gunicorn", line 8, in <module>
    sys.exit(run())
             ^^^^^
  File "/usr/local/lib/python3.11/site-packages/gunicorn/app/wsgiapp.py", line 67, in run
    WSGIApplication("%(prog)s [OPTIONS] [APP_MODULE]", prog=prog).run()
  File "/usr/local/lib/python3.11/site-packages/gunicorn/app/base.py", line 236, in run
    super().run()
  File "/usr/local/lib/python3.11/site-packages/gunicorn/app/base.py", line 72, in run
    Arbiter(self).run()
    ^^^^^^^^^^^^^
  File "/usr/local/lib/python3.11/site-packages/gunicorn/arbiter.py", line 58, in __init__
    self.setup(app)
  File "/usr/local/lib/python3.11/site-packages/gunicorn/arbiter.py", line 118, in setup
    self.app.wsgi()
  File "/usr/local/lib/python3.11/site-packages/gunicorn/app/base.py", line 67, in wsgi
    self.callable = self.load()
                    ^^^^^^^^^^^
  File "/usr/local/lib/python3.11/site-packages/gunicorn/app/wsgiapp.py", line 58, in load
    return self.load_wsgiapp()
           ^^^^^^^^^^^^^^^^^^^
  File "/usr/local/lib/python3.11/site-packages/gunicorn/app/wsgiapp.py", line 48, in load_wsgiapp
    return util.import_app(self.app_uri)
           ^^^^^^^^^^^^^^^^^^^^^^^^^^^^^
  File "/usr/local/lib/python3.11/site-packages/gunicorn/util.py", line 371, in import_app
    mod = importlib.import_module(module)
          ^^^^^^^^^^^^^^^^^^^^^^^^^^^^^^^
  File "/usr/local/lib/python3.11/importlib/__init__.py", line 126, in import_module
    return _bootstrap._gcd_import(name[level:], package, level)
           ^^^^^^^^^^^^^^^^^^^^^^^^^^^^^^^^^^^^^^^^^^^^^^^^^^^^
  File "<frozen importlib._bootstrap>", line 1204, in _gcd_import
  File "<frozen importlib._bootstrap>", line 1176, in _find_and_load
  File "<frozen importlib._bootstrap>", line 1147, in _find_and_load_unlocked
  File "<frozen importlib._bootstrap>", line 690, in _load_unlocked
  File "<frozen importlib._bootstrap_external>", line 940, in exec_module
  File "<frozen importlib._bootstrap>", line 241, in _call_with_frames_removed
  File "/lottahelper/main.py", line 11, in <module>
    from app._celery.tasks import process_furniture_recommendation
  File "/lottahelper/app/_celery/tasks.py", line 10, in <module>
    from celery_app import celery_app
ModuleNotFoundError: No module named 'celery_app'
Traceback (most recent call last):
  File "/usr/local/bin/gunicorn", line 8, in <module>
    sys.exit(run())
             ^^^^^
  File "/usr/local/lib/python3.11/site-packages/gunicorn/app/wsgiapp.py", line 67, in run
    WSGIApplication("%(prog)s [OPTIONS] [APP_MODULE]", prog=prog).run()
  File "/usr/local/lib/python3.11/site-packages/gunicorn/app/base.py", line 236, in run
    super().run()
  File "/usr/local/lib/python3.11/site-packages/gunicorn/app/base.py", line 72, in run
    Arbiter(self).run()
    ^^^^^^^^^^^^^
  File "/usr/local/lib/python3.11/site-packages/gunicorn/arbiter.py", line 58, in __init__
    self.setup(app)
  File "/usr/local/lib/python3.11/site-packages/gunicorn/arbiter.py", line 118, in setup
    self.app.wsgi()
  File "/usr/local/lib/python3.11/site-packages/gunicorn/app/base.py", line 67, in wsgi
    self.callable = self.load()
                    ^^^^^^^^^^^
  File "/usr/local/lib/python3.11/site-packages/gunicorn/app/wsgiapp.py", line 58, in load
    return self.load_wsgiapp()
           ^^^^^^^^^^^^^^^^^^^
  File "/usr/local/lib/python3.11/site-packages/gunicorn/app/wsgiapp.py", line 48, in load_wsgiapp
    return util.import_app(self.app_uri)
           ^^^^^^^^^^^^^^^^^^^^^^^^^^^^^
  File "/usr/local/lib/python3.11/site-packages/gunicorn/util.py", line 371, in import_app
    mod = importlib.import_module(module)
          ^^^^^^^^^^^^^^^^^^^^^^^^^^^^^^^
  File "/usr/local/lib/python3.11/importlib/__init__.py", line 126, in import_module
    return _bootstrap._gcd_import(name[level:], package, level)
           ^^^^^^^^^^^^^^^^^^^^^^^^^^^^^^^^^^^^^^^^^^^^^^^^^^^^
  File "<frozen importlib._bootstrap>", line 1204, in _gcd_import
  File "<frozen importlib._bootstrap>", line 1176, in _find_and_load
  File "<frozen importlib._bootstrap>", line 1147, in _find_and_load_unlocked
  File "<frozen importlib._bootstrap>", line 690, in _load_unlocked
  File "<frozen importlib._bootstrap_external>", line 940, in exec_module
  File "<frozen importlib._bootstrap>", line 241, in _call_with_frames_removed
  File "/lottahelper/main.py", line 11, in <module>
    from app._celery.tasks import process_furniture_recommendation
  File "/lottahelper/app/_celery/tasks.py", line 10, in <module>
    from celery_app import celery_app
ModuleNotFoundError: No module named 'celery_app'
/usr/local/lib/python3.11/site-packages/flask_limiter/_extension.py:364: UserWarning: Using the in-memory storage for tracking rate limits as no storage was explicitly specified. This is not recommended for production use. See: https://flask-limiter.readthedocs.io#configuring-a-storage-backend for documentation about configuring the storage backend.
  warnings.warn(
[2026-03-16 19:01:47 +0000] [1] [INFO] Starting gunicorn 22.0.0
[2026-03-16 19:01:47 +0000] [1] [INFO] Listening at: http://0.0.0.0:8000 (1)
[2026-03-16 19:01:47 +0000] [1] [INFO] Using worker: gthread
[2026-03-16 19:01:47 +0000] [8] [INFO] Booting worker with pid: 8
[2026-03-16 19:02:46 +0000] [1] [INFO] Handling signal: term
[2026-03-16 19:02:47 +0000] [8] [INFO] Worker exiting (pid: 8)
Gunicorn starting
Gunicorn ready to handle requests
[2026-03-16 19:02:47 +0000] [1] [INFO] Shutting down: Master
Gunicorn starting
Gunicorn ready to handle requests
/usr/local/lib/python3.11/site-packages/flask_limiter/_extension.py:364: UserWarning: Using the in-memory storage for tracking rate limits as no storage was explicitly specified. This is not recommended for production use. See: https://flask-limiter.readthedocs.io#configuring-a-storage-backend for documentation about configuring the storage backend.
  warnings.warn(
[2026-03-16 19:03:10 +0000] [1] [INFO] Starting gunicorn 22.0.0
[2026-03-16 19:03:10 +0000] [1] [INFO] Listening at: http://0.0.0.0:8000 (1)
[2026-03-16 19:03:10 +0000] [1] [INFO] Using worker: gthread
[2026-03-16 19:03:10 +0000] [8] [INFO] Booting worker with pid: 8
[2026-03-16 19:03:21 +0000] [1] [INFO] Handling signal: term
[2026-03-16 19:03:21 +0000] [8] [INFO] Worker exiting (pid: 8)
Gunicorn starting
Gunicorn ready to handle requests
[2026-03-16 19:03:21 +0000] [1] [INFO] Shutting down: Master
Gunicorn starting
Gunicorn ready to handle requests
Traceback (most recent call last):
  File "/usr/local/bin/gunicorn", line 8, in <module>
    sys.exit(run())
             ^^^^^
  File "/usr/local/lib/python3.11/site-packages/gunicorn/app/wsgiapp.py", line 67, in run
    WSGIApplication("%(prog)s [OPTIONS] [APP_MODULE]", prog=prog).run()
  File "/usr/local/lib/python3.11/site-packages/gunicorn/app/base.py", line 236, in run
    super().run()
  File "/usr/local/lib/python3.11/site-packages/gunicorn/app/base.py", line 72, in run
    Arbiter(self).run()
    ^^^^^^^^^^^^^
  File "/usr/local/lib/python3.11/site-packages/gunicorn/arbiter.py", line 58, in __init__
    self.setup(app)
  File "/usr/local/lib/python3.11/site-packages/gunicorn/arbiter.py", line 118, in setup
    self.app.wsgi()
  File "/usr/local/lib/python3.11/site-packages/gunicorn/app/base.py", line 67, in wsgi
    self.callable = self.load()
                    ^^^^^^^^^^^
  File "/usr/local/lib/python3.11/site-packages/gunicorn/app/wsgiapp.py", line 58, in load
    return self.load_wsgiapp()
           ^^^^^^^^^^^^^^^^^^^
  File "/usr/local/lib/python3.11/site-packages/gunicorn/app/wsgiapp.py", line 48, in load_wsgiapp
    return util.import_app(self.app_uri)
           ^^^^^^^^^^^^^^^^^^^^^^^^^^^^^
  File "/usr/local/lib/python3.11/site-packages/gunicorn/util.py", line 371, in import_app
    mod = importlib.import_module(module)
          ^^^^^^^^^^^^^^^^^^^^^^^^^^^^^^^
  File "/usr/local/lib/python3.11/importlib/__init__.py", line 126, in import_module
    return _bootstrap._gcd_import(name[level:], package, level)
           ^^^^^^^^^^^^^^^^^^^^^^^^^^^^^^^^^^^^^^^^^^^^^^^^^^^^
  File "<frozen importlib._bootstrap>", line 1204, in _gcd_import
  File "<frozen importlib._bootstrap>", line 1176, in _find_and_load
  File "<frozen importlib._bootstrap>", line 1147, in _find_and_load_unlocked
  File "<frozen importlib._bootstrap>", line 690, in _load_unlocked
  File "<frozen importlib._bootstrap_external>", line 940, in exec_module
  File "<frozen importlib._bootstrap>", line 241, in _call_with_frames_removed
  File "/lottahelper/main.py", line 8, in <module>
    from app._celery.tasks import process_furniture_recommendation
  File "/lottahelper/app/_celery/tasks.py", line 10, in <module>
    from celery_app import celery_app
ModuleNotFoundError: No module named 'celery_app'
Traceback (most recent call last):
  File "/usr/local/bin/gunicorn", line 8, in <module>
    sys.exit(run())
             ^^^^^
  File "/usr/local/lib/python3.11/site-packages/gunicorn/app/wsgiapp.py", line 67, in run
    WSGIApplication("%(prog)s [OPTIONS] [APP_MODULE]", prog=prog).run()
  File "/usr/local/lib/python3.11/site-packages/gunicorn/app/base.py", line 236, in run
    super().run()
  File "/usr/local/lib/python3.11/site-packages/gunicorn/app/base.py", line 72, in run
    Arbiter(self).run()
    ^^^^^^^^^^^^^
  File "/usr/local/lib/python3.11/site-packages/gunicorn/arbiter.py", line 58, in __init__
    self.setup(app)
  File "/usr/local/lib/python3.11/site-packages/gunicorn/arbiter.py", line 118, in setup
    self.app.wsgi()
  File "/usr/local/lib/python3.11/site-packages/gunicorn/app/base.py", line 67, in wsgi
    self.callable = self.load()
                    ^^^^^^^^^^^
  File "/usr/local/lib/python3.11/site-packages/gunicorn/app/wsgiapp.py", line 58, in load
    return self.load_wsgiapp()
           ^^^^^^^^^^^^^^^^^^^
  File "/usr/local/lib/python3.11/site-packages/gunicorn/app/wsgiapp.py", line 48, in load_wsgiapp
    return util.import_app(self.app_uri)
           ^^^^^^^^^^^^^^^^^^^^^^^^^^^^^
  File "/usr/local/lib/python3.11/site-packages/gunicorn/util.py", line 371, in import_app
    mod = importlib.import_module(module)
          ^^^^^^^^^^^^^^^^^^^^^^^^^^^^^^^
  File "/usr/local/lib/python3.11/importlib/__init__.py", line 126, in import_module
    return _bootstrap._gcd_import(name[level:], package, level)
           ^^^^^^^^^^^^^^^^^^^^^^^^^^^^^^^^^^^^^^^^^^^^^^^^^^^^
  File "<frozen importlib._bootstrap>", line 1204, in _gcd_import
  File "<frozen importlib._bootstrap>", line 1176, in _find_and_load
  File "<frozen importlib._bootstrap>", line 1147, in _find_and_load_unlocked
  File "<frozen importlib._bootstrap>", line 690, in _load_unlocked
  File "<frozen importlib._bootstrap_external>", line 940, in exec_module
  File "<frozen importlib._bootstrap>", line 241, in _call_with_frames_removed
  File "/lottahelper/main.py", line 10, in <module>
    from app._celery.tasks import process_furniture_recommendation
  File "/lottahelper/app/_celery/tasks.py", line 10, in <module>
    from celery_app import celery_app
ModuleNotFoundError: No module named 'celery_app'
/usr/local/lib/python3.11/site-packages/flask_limiter/_extension.py:364: UserWarning: Using the in-memory storage for tracking rate limits as no storage was explicitly specified. This is not recommended for production use. See: https://flask-limiter.readthedocs.io#configuring-a-storage-backend for documentation about configuring the storage backend.
  warnings.warn(
[2026-03-16 19:06:50 +0000] [1] [INFO] Starting gunicorn 22.0.0
[2026-03-16 19:06:50 +0000] [1] [INFO] Listening at: http://0.0.0.0:8000 (1)
[2026-03-16 19:06:50 +0000] [1] [INFO] Using worker: gthread
[2026-03-16 19:06:50 +0000] [8] [INFO] Booting worker with pid: 8
[2026-03-16 19:08:47 +0000] [1] [INFO] Handling signal: term
[2026-03-16 19:08:48 +0000] [8] [INFO] Worker exiting (pid: 8)
Gunicorn starting
Gunicorn ready to handle requests
[2026-03-16 19:08:48 +0000] [1] [INFO] Shutting down: Master
Gunicorn starting
Gunicorn ready to handle requests
Traceback (most recent call last):
  File "/usr/local/bin/gunicorn", line 8, in <module>
    sys.exit(run())
             ^^^^^
  File "/usr/local/lib/python3.11/site-packages/gunicorn/app/wsgiapp.py", line 67, in run
    WSGIApplication("%(prog)s [OPTIONS] [APP_MODULE]", prog=prog).run()
  File "/usr/local/lib/python3.11/site-packages/gunicorn/app/base.py", line 236, in run
    super().run()
  File "/usr/local/lib/python3.11/site-packages/gunicorn/app/base.py", line 72, in run
    Arbiter(self).run()
    ^^^^^^^^^^^^^
  File "/usr/local/lib/python3.11/site-packages/gunicorn/arbiter.py", line 58, in __init__
    self.setup(app)
  File "/usr/local/lib/python3.11/site-packages/gunicorn/arbiter.py", line 118, in setup
    self.app.wsgi()
  File "/usr/local/lib/python3.11/site-packages/gunicorn/app/base.py", line 67, in wsgi
    self.callable = self.load()
                    ^^^^^^^^^^^
  File "/usr/local/lib/python3.11/site-packages/gunicorn/app/wsgiapp.py", line 58, in load
    return self.load_wsgiapp()
           ^^^^^^^^^^^^^^^^^^^
  File "/usr/local/lib/python3.11/site-packages/gunicorn/app/wsgiapp.py", line 48, in load_wsgiapp
    return util.import_app(self.app_uri)
           ^^^^^^^^^^^^^^^^^^^^^^^^^^^^^
  File "/usr/local/lib/python3.11/site-packages/gunicorn/util.py", line 371, in import_app
    mod = importlib.import_module(module)
          ^^^^^^^^^^^^^^^^^^^^^^^^^^^^^^^
  File "/usr/local/lib/python3.11/importlib/__init__.py", line 126, in import_module
    return _bootstrap._gcd_import(name[level:], package, level)
           ^^^^^^^^^^^^^^^^^^^^^^^^^^^^^^^^^^^^^^^^^^^^^^^^^^^^
  File "<frozen importlib._bootstrap>", line 1204, in _gcd_import
  File "<frozen importlib._bootstrap>", line 1176, in _find_and_load
  File "<frozen importlib._bootstrap>", line 1147, in _find_and_load_unlocked
  File "<frozen importlib._bootstrap>", line 690, in _load_unlocked
  File "<frozen importlib._bootstrap_external>", line 940, in exec_module
  File "<frozen importlib._bootstrap>", line 241, in _call_with_frames_removed
  File "/lottahelper/main.py", line 11, in <module>
    from app._celery.tasks import process_furniture_recommendation ##
    ^^^^^^^^^^^^^^^^^^^^^^^^^^^^^^^^^^^^^^^^^^^^^^^^^^^^^^^^^^^^^^
  File "/lottahelper/app/_celery/tasks.py", line 10, in <module>
    from celery_app import celery_app
ModuleNotFoundError: No module named 'celery_app'
Traceback (most recent call last):
  File "/usr/local/bin/gunicorn", line 8, in <module>
    sys.exit(run())
             ^^^^^
  File "/usr/local/lib/python3.11/site-packages/gunicorn/app/wsgiapp.py", line 67, in run
    WSGIApplication("%(prog)s [OPTIONS] [APP_MODULE]", prog=prog).run()
  File "/usr/local/lib/python3.11/site-packages/gunicorn/app/base.py", line 236, in run
    super().run()
  File "/usr/local/lib/python3.11/site-packages/gunicorn/app/base.py", line 72, in run
    Arbiter(self).run()
    ^^^^^^^^^^^^^
  File "/usr/local/lib/python3.11/site-packages/gunicorn/arbiter.py", line 58, in __init__
    self.setup(app)
  File "/usr/local/lib/python3.11/site-packages/gunicorn/arbiter.py", line 118, in setup
    self.app.wsgi()
  File "/usr/local/lib/python3.11/site-packages/gunicorn/app/base.py", line 67, in wsgi
    self.callable = self.load()
                    ^^^^^^^^^^^
  File "/usr/local/lib/python3.11/site-packages/gunicorn/app/wsgiapp.py", line 58, in load
    return self.load_wsgiapp()
           ^^^^^^^^^^^^^^^^^^^
  File "/usr/local/lib/python3.11/site-packages/gunicorn/app/wsgiapp.py", line 48, in load_wsgiapp
    return util.import_app(self.app_uri)
           ^^^^^^^^^^^^^^^^^^^^^^^^^^^^^
  File "/usr/local/lib/python3.11/site-packages/gunicorn/util.py", line 371, in import_app
    mod = importlib.import_module(module)
          ^^^^^^^^^^^^^^^^^^^^^^^^^^^^^^^
  File "/usr/local/lib/python3.11/importlib/__init__.py", line 126, in import_module
    return _bootstrap._gcd_import(name[level:], package, level)
           ^^^^^^^^^^^^^^^^^^^^^^^^^^^^^^^^^^^^^^^^^^^^^^^^^^^^
  File "<frozen importlib._bootstrap>", line 1204, in _gcd_import
  File "<frozen importlib._bootstrap>", line 1176, in _find_and_load
  File "<frozen importlib._bootstrap>", line 1147, in _find_and_load_unlocked
  File "<frozen importlib._bootstrap>", line 690, in _load_unlocked
  File "<frozen importlib._bootstrap_external>", line 940, in exec_module
  File "<frozen importlib._bootstrap>", line 241, in _call_with_frames_removed
  File "/lottahelper/main.py", line 11, in <module>
    from app._celery.tasks import process_furniture_recommendation ##
    ^^^^^^^^^^^^^^^^^^^^^^^^^^^^^^^^^^^^^^^^^^^^^^^^^^^^^^^^^^^^^^
  File "/lottahelper/app/_celery/tasks.py", line 10, in <module>
    from celery_app import celery_app
ModuleNotFoundError: No module named 'celery_app'
Traceback (most recent call last):
  File "/usr/local/bin/gunicorn", line 8, in <module>
    sys.exit(run())
             ^^^^^
  File "/usr/local/lib/python3.11/site-packages/gunicorn/app/wsgiapp.py", line 67, in run
    WSGIApplication("%(prog)s [OPTIONS] [APP_MODULE]", prog=prog).run()
  File "/usr/local/lib/python3.11/site-packages/gunicorn/app/base.py", line 236, in run
    super().run()
  File "/usr/local/lib/python3.11/site-packages/gunicorn/app/base.py", line 72, in run
    Arbiter(self).run()
    ^^^^^^^^^^^^^
  File "/usr/local/lib/python3.11/site-packages/gunicorn/arbiter.py", line 58, in __init__
    self.setup(app)
  File "/usr/local/lib/python3.11/site-packages/gunicorn/arbiter.py", line 118, in setup
    self.app.wsgi()
  File "/usr/local/lib/python3.11/site-packages/gunicorn/app/base.py", line 67, in wsgi
    self.callable = self.load()
                    ^^^^^^^^^^^
  File "/usr/local/lib/python3.11/site-packages/gunicorn/app/wsgiapp.py", line 58, in load
    return self.load_wsgiapp()
           ^^^^^^^^^^^^^^^^^^^
  File "/usr/local/lib/python3.11/site-packages/gunicorn/app/wsgiapp.py", line 48, in load_wsgiapp
    return util.import_app(self.app_uri)
           ^^^^^^^^^^^^^^^^^^^^^^^^^^^^^
  File "/usr/local/lib/python3.11/site-packages/gunicorn/util.py", line 371, in import_app
    mod = importlib.import_module(module)
          ^^^^^^^^^^^^^^^^^^^^^^^^^^^^^^^
  File "/usr/local/lib/python3.11/importlib/__init__.py", line 126, in import_module
    return _bootstrap._gcd_import(name[level:], package, level)
           ^^^^^^^^^^^^^^^^^^^^^^^^^^^^^^^^^^^^^^^^^^^^^^^^^^^^
  File "<frozen importlib._bootstrap>", line 1204, in _gcd_import
  File "<frozen importlib._bootstrap>", line 1176, in _find_and_load
  File "<frozen importlib._bootstrap>", line 1147, in _find_and_load_unlocked
  File "<frozen importlib._bootstrap>", line 690, in _load_unlocked
  File "<frozen importlib._bootstrap_external>", line 940, in exec_module
  File "<frozen importlib._bootstrap>", line 241, in _call_with_frames_removed
  File "/lottahelper/main.py", line 11, in <module>
    from app._celery.tasks import process_furniture_recommendation ##
    ^^^^^^^^^^^^^^^^^^^^^^^^^^^^^^^^^^^^^^^^^^^^^^^^^^^^^^^^^^^^^^
  File "/lottahelper/app/_celery/tasks.py", line 10, in <module>
    from celery_app import celery_app
ModuleNotFoundError: No module named 'celery_app'
/usr/local/lib/python3.11/site-packages/flask_limiter/_extension.py:364: UserWarning: Using the in-memory storage for tracking rate limits as no storage was explicitly specified. This is not recommended for production use. See: https://flask-limiter.readthedocs.io#configuring-a-storage-backend for documentation about configuring the storage backend.
  warnings.warn(
[2026-03-16 19:14:13 +0000] [1] [INFO] Starting gunicorn 22.0.0
[2026-03-16 19:14:13 +0000] [1] [INFO] Listening at: http://0.0.0.0:8000 (1)
[2026-03-16 19:14:13 +0000] [1] [INFO] Using worker: gthread
[2026-03-16 19:14:13 +0000] [8] [INFO] Booting worker with pid: 8
[2026-03-16 19:14:34 +0000] [1] [INFO] Handling signal: term
[2026-03-16 19:14:34 +0000] [8] [INFO] Worker exiting (pid: 8)
Gunicorn starting
Gunicorn ready to handle requests
[2026-03-16 19:14:34 +0000] [1] [INFO] Shutting down: Master
Gunicorn starting
Gunicorn ready to handle requests
/usr/local/lib/python3.11/site-packages/flask_limiter/_extension.py:364: UserWarning: Using the in-memory storage for tracking rate limits as no storage was explicitly specified. This is not recommended for production use. See: https://flask-limiter.readthedocs.io#configuring-a-storage-backend for documentation about configuring the storage backend.
  warnings.warn(
[2026-03-16 19:14:58 +0000] [1] [INFO] Starting gunicorn 22.0.0
[2026-03-16 19:14:58 +0000] [1] [INFO] Listening at: http://0.0.0.0:8000 (1)
[2026-03-16 19:14:58 +0000] [1] [INFO] Using worker: gthread
[2026-03-16 19:14:58 +0000] [8] [INFO] Booting worker with pid: 8
[2026-03-16 19:19:15 +0000] [1] [INFO] Handling signal: term
[2026-03-16 19:19:15 +0000] [8] [INFO] Worker exiting (pid: 8)
Gunicorn starting
Gunicorn ready to handle requests
[2026-03-16 19:19:15 +0000] [1] [INFO] Shutting down: Master
Gunicorn starting
Gunicorn ready to handle requests
/usr/local/lib/python3.11/site-packages/flask_limiter/_extension.py:364: UserWarning: Using the in-memory storage for tracking rate limits as no storage was explicitly specified. This is not recommended for production use. See: https://flask-limiter.readthedocs.io#configuring-a-storage-backend for documentation about configuring the storage backend.
  warnings.warn(
[2026-03-16 19:19:41 +0000] [1] [INFO] Starting gunicorn 22.0.0
[2026-03-16 19:19:41 +0000] [1] [INFO] Listening at: http://0.0.0.0:8000 (1)
[2026-03-16 19:19:41 +0000] [1] [INFO] Using worker: gthread
[2026-03-16 19:19:41 +0000] [8] [INFO] Booting worker with pid: 8
[2026-03-16 19:23:04 +0000] [1] [INFO] Handling signal: term
[2026-03-16 19:23:04 +0000] [8] [INFO] Worker exiting (pid: 8)
Gunicorn starting
Gunicorn ready to handle requests
[2026-03-16 19:23:04 +0000] [1] [INFO] Shutting down: Master
Gunicorn starting
Gunicorn ready to handle requests
/usr/local/lib/python3.11/site-packages/flask_limiter/_extension.py:364: UserWarning: Using the in-memory storage for tracking rate limits as no storage was explicitly specified. This is not recommended for production use. See: https://flask-limiter.readthedocs.io#configuring-a-storage-backend for documentation about configuring the storage backend.
  warnings.warn(
[2026-03-16 19:23:28 +0000] [1] [INFO] Starting gunicorn 22.0.0
[2026-03-16 19:23:28 +0000] [1] [INFO] Listening at: http://0.0.0.0:8000 (1)
[2026-03-16 19:23:28 +0000] [1] [INFO] Using worker: gthread
[2026-03-16 19:23:28 +0000] [8] [INFO] Booting worker with pid: 8
[2026-03-16 19:27:19 +0000] [1] [INFO] Handling signal: term
[2026-03-16 19:27:19 +0000] [8] [INFO] Worker exiting (pid: 8)
Gunicorn starting
Gunicorn ready to handle requests
[2026-03-16 19:27:19 +0000] [1] [INFO] Shutting down: Master
Gunicorn starting
Gunicorn ready to handle requests
/usr/local/lib/python3.11/site-packages/flask_limiter/_extension.py:364: UserWarning: Using the in-memory storage for tracking rate limits as no storage was explicitly specified. This is not recommended for production use. See: https://flask-limiter.readthedocs.io#configuring-a-storage-backend for documentation about configuring the storage backend.
  warnings.warn(
[2026-03-16 19:27:44 +0000] [1] [INFO] Starting gunicorn 22.0.0
[2026-03-16 19:27:44 +0000] [1] [INFO] Listening at: http://0.0.0.0:8000 (1)
[2026-03-16 19:27:44 +0000] [1] [INFO] Using worker: gthread
[2026-03-16 19:27:44 +0000] [8] [INFO] Booting worker with pid: 8
ERROR:root:Can't check service's health. msg: cannot access local variable 'e' where it is not associated with a value
Traceback (most recent call last):
  File "/lottahelper/main.py", line 145, in health_check
    logging.warning(f"database: {str(e)}")
                                     ^
UnboundLocalError: cannot access local variable 'e' where it is not associated with a value
ERROR:root:Can't check service's health. msg: cannot access local variable 'e' where it is not associated with a value
Traceback (most recent call last):
  File "/lottahelper/main.py", line 145, in health_check
    logging.warning(f"database: {str(e)}")
                                     ^
UnboundLocalError: cannot access local variable 'e' where it is not associated with a value
[2026-03-16 19:29:09 +0000] [1] [INFO] Handling signal: term
[2026-03-16 19:29:10 +0000] [8] [INFO] Worker exiting (pid: 8)
Gunicorn starting
Gunicorn ready to handle requests
[2026-03-16 19:29:10 +0000] [1] [INFO] Shutting down: Master
Gunicorn starting
Gunicorn ready to handle requests
/usr/local/lib/python3.11/site-packages/flask_limiter/_extension.py:364: UserWarning: Using the in-memory storage for tracking rate limits as no storage was explicitly specified. This is not recommended for production use. See: https://flask-limiter.readthedocs.io#configuring-a-storage-backend for documentation about configuring the storage backend.
  warnings.warn(
[2026-03-16 19:29:32 +0000] [1] [INFO] Starting gunicorn 22.0.0
[2026-03-16 19:29:32 +0000] [1] [INFO] Listening at: http://0.0.0.0:8000 (1)
[2026-03-16 19:29:32 +0000] [1] [INFO] Using worker: gthread
[2026-03-16 19:29:32 +0000] [8] [INFO] Booting worker with pid: 8
WARNING:root:database: error: (sqlite3.OperationalError) unable to open database file
(Background on this error at: https://sqlalche.me/e/20/e3q8)
[2026-03-16 19:32:36 +0000] [1] [INFO] Handling signal: term
[2026-03-16 19:32:36 +0000] [8] [INFO] Worker exiting (pid: 8)
Gunicorn starting
Gunicorn ready to handle requests
[2026-03-16 19:32:36 +0000] [1] [INFO] Shutting down: Master
Gunicorn starting
Gunicorn ready to handle requests
/usr/local/lib/python3.11/site-packages/flask_limiter/_extension.py:364: UserWarning: Using the in-memory storage for tracking rate limits as no storage was explicitly specified. This is not recommended for production use. See: https://flask-limiter.readthedocs.io#configuring-a-storage-backend for documentation about configuring the storage backend.
  warnings.warn(
[2026-03-16 19:33:04 +0000] [1] [INFO] Starting gunicorn 22.0.0
[2026-03-16 19:33:04 +0000] [1] [INFO] Listening at: http://0.0.0.0:8000 (1)
[2026-03-16 19:33:04 +0000] [1] [INFO] Using worker: gthread
[2026-03-16 19:33:04 +0000] [8] [INFO] Booting worker with pid: 8
[2026-03-16 19:54:34 +0000] [1] [INFO] Handling signal: term
[2026-03-16 19:54:35 +0000] [8] [INFO] Worker exiting (pid: 8)
Gunicorn starting
Gunicorn ready to handle requests
[2026-03-16 19:54:35 +0000] [1] [INFO] Shutting down: Master
Gunicorn starting
Gunicorn ready to handle requests
/usr/local/lib/python3.11/site-packages/flask_limiter/_extension.py:364: UserWarning: Using the in-memory storage for tracking rate limits as no storage was explicitly specified. This is not recommended for production use. See: https://flask-limiter.readthedocs.io#configuring-a-storage-backend for documentation about configuring the storage backend.
  warnings.warn(
[2026-03-16 19:54:59 +0000] [1] [INFO] Starting gunicorn 22.0.0
[2026-03-16 19:54:59 +0000] [1] [INFO] Listening at: http://0.0.0.0:8000 (1)
[2026-03-16 19:54:59 +0000] [1] [INFO] Using worker: gthread
[2026-03-16 19:54:59 +0000] [8] [INFO] Booting worker with pid: 8
[2026-03-16 19:55:35 +0000] [1] [INFO] Handling signal: term
[2026-03-16 19:55:36 +0000] [8] [INFO] Worker exiting (pid: 8)
Gunicorn starting
Gunicorn ready to handle requests
/usr/local/lib/python3.11/site-packages/flask_limiter/_extension.py:364: UserWarning: Using the in-memory storage for tracking rate limits as no storage was explicitly specified. This is not recommended for production use. See: https://flask-limiter.readthedocs.io#configuring-a-storage-backend for documentation about configuring the storage backend.
  warnings.warn(
[2026-03-17 11:30:11 +0000] [1] [INFO] Starting gunicorn 22.0.0
[2026-03-17 11:30:11 +0000] [1] [INFO] Listening at: http://0.0.0.0:8000 (1)
[2026-03-17 11:30:11 +0000] [1] [INFO] Using worker: gthread
[2026-03-17 11:30:11 +0000] [8] [INFO] Booting worker with pid: 8
[2026-03-17 11:37:33 +0000] [1] [INFO] Handling signal: term
[2026-03-17 11:37:33 +0000] [8] [INFO] Worker exiting (pid: 8)
Gunicorn starting
Gunicorn ready to handle requests
[2026-03-17 11:37:33 +0000] [1] [INFO] Shutting down: Master
Gunicorn starting
Gunicorn ready to handle requests
/usr/local/lib/python3.11/site-packages/flask_limiter/_extension.py:364: UserWarning: Using the in-memory storage for tracking rate limits as no storage was explicitly specified. This is not recommended for production use. See: https://flask-limiter.readthedocs.io#configuring-a-storage-backend for documentation about configuring the storage backend.
  warnings.warn(
[2026-03-17 16:55:14 +0000] [1] [INFO] Starting gunicorn 22.0.0
[2026-03-17 16:55:14 +0000] [1] [INFO] Listening at: http://0.0.0.0:8000 (1)
[2026-03-17 16:55:14 +0000] [1] [INFO] Using worker: gthread
[2026-03-17 16:55:14 +0000] [8] [INFO] Booting worker with pid: 8
[2026-03-17 17:03:06 +0000] [1] [INFO] Handling signal: term
[2026-03-17 17:03:06 +0000] [8] [INFO] Worker exiting (pid: 8)
Gunicorn starting
Gunicorn ready to handle requests
[2026-03-17 17:03:06 +0000] [1] [INFO] Shutting down: Master
Gunicorn starting
Gunicorn ready to handle requests
